homebrewã‚’ä½¿ã†ãªã‚‰ã°pyenvã§ã¯å¿…ãšPython2ã‚’ä¸€ã¤ç›®ã«è¨­å®šã™ã‚‹ã“ã¨(ã‚‚ã—ãã¯Python3ã‚’å„ªå…ˆã—ãŸMacã§ã®Rictyä½œæˆè‹¦åŠ´è©±)
Python, Mac
çµè«–
homebrewã§ã¯pythonã‚³ãƒãƒ³ãƒ‰ãŒPython 2ã§ã‚ã‚‹ã¨ã—ã¦ã‚¹ã‚¯ãƒªãƒ—ãƒˆãŒçµ„ã‚“ã§ã‚ã‚Šã¾ã™ã€‚Home ? Homebrew/homebrew Wiki ? GitHubã®ã§Python 3ã«ã™ã‚‹ã¨ã€ãƒˆãƒ©ãƒ–ãƒ«ã®åŸå› ã«ãªã‚Šã¾ã™ã€‚
å¯¾ç­–1
ã‚¿ã‚¤ãƒˆãƒ«é€šã‚Šã«ã€Œpyenvã§ã¯å¿…ãšPython2ã‚’ä¸€ã¤ç›®ã«è¨­å®šã™ã‚‹ã€ã€‚
$ pyenv global 2.7.6 3.4.0
å¯¾ç­–2
ã€Œpyenv localã€ã‚³ãƒãƒ³ãƒ‰ã‚’ä½¿ãˆã°ã€ãƒ•ã‚©ãƒ«ãƒ€å†…ã§ä½¿ç”¨ã™ã‚‹Pythonã®ãƒãƒ¼ã‚¸ãƒ§ãƒ³ã‚’æŒ‡å®šã§ãã¾ã™ã€‚ã®ã§ã€Python2ç”¨ã®ä½œæ¥­ãƒ•ã‚©ãƒ«ãƒ€Python2å†…ã§
~/Python2/: $ pyenv local 2.7.6 3.4.0 
ã¨è¨­å®šã—ã¦ãŠãã€‚
ã¨ã¯ã„ãˆ
ç§ã¯Rubyistã§ã‚ã‚ŠPythonistaã§ã¯ãªã„ã®ã§ã€Pythonã‚’ã»ã¨ã‚“ã©ä½¿ã„ã¾ã›ã‚“ã€‚ãªã®ã§2ã ã‚ã†ãŒ3ã ã‚ã†ãŒã©ã†ã§ã‚‚ã„ã„ã§ã™ã€‚ãã£ã¨å¯¾ç­–2ã‚’ã—ã¦ã‚‚ã€å¿˜ã‚Œã¦ã—ã¾ã„ã¾ã™ã€‚ã¨ã„ã†ã“ã¨ã§ã€å¯¾ç­–1ã‚’è¬›ã˜ã¦ãŠãã¾ã™ã€‚ã§ã¯æœ¬ç·¨ã§ã™ã€‚
æ°—ä»˜ã„ãŸè¦å› 
ã‚¨ãƒ‡ã‚£ã‚¿ç”¨ã®ãƒ•ã‚©ãƒ³ãƒˆã«Rictyã¨ã„ã†ã®ãŒã‚ˆã„ã¨èãã¾ã—ãŸã€‚yascentur/Ricty ? GitHubãŸã ã—ã€æä¾›ã¯ãƒ©ã‚¤ã‚»ãƒ³ã‚¹çš„ã«å•é¡ŒãŒã‚ã‚Šã†ã‚‹ã¨ã®ã“ã¨ã€‚
Ricty ãŒ SIL Open Font License Version 1.1 section 5 ã«é•åã™ã‚‹è§£é‡ˆãŒã§ãã‚‹ã¨ã®æŒ‡æ‘˜ã‚’å—ã‘ã€ä¸‡å…¨ã‚’æœŸã™ãŸã‚ã« Version 3.0.0 ã‚ˆã‚Š TrueType ãƒ•ã‚©ãƒ³ãƒˆã®é…å¸ƒã‚’ä¸­æ­¢ã—ã€ç”Ÿæˆã‚¹ã‚¯ãƒªãƒ—ãƒˆã®ã¿ã®é…å¸ƒã¨ã•ã›ã¦ã„ãŸã ã„ã¦ãŠã‚Šã¾ã™ã€‚
ã¨ã„ã†ã“ã¨ã§ä½œã£ã¦ã¿ã‚ˆã†ã¨ã—ã¾ã—ãŸã€‚æ‰‹é †ã®è¦ç´„ã¯ä»¥ä¸‹ã®å¼•ç”¨é€šã‚Šã€‚
ãƒ•ã‚¡ã‚¤ãƒ«ã®ãƒ€ã‚¦ãƒ³ãƒ­ãƒ¼ãƒ‰
ã€ŒInconsolataã€ãƒ•ã‚©ãƒ³ãƒˆã®OpenType fileã€ã€ŒMigu 1Mã€ãƒ•ã‚©ãƒ³ãƒˆã®ãƒ•ã‚¡ã‚¤ãƒ«ã€Rictyãƒ•ã‚©ãƒ³ãƒˆã‚’åˆæˆã™ã‚‹ãŸã‚ã®ã‚¹ã‚¯ãƒªãƒ—ãƒˆã®3ã¤ãŒå¿…è¦ã§ã™ã€‚
Inconsolata
Miguãƒ•ã‚©ãƒ³ãƒˆ : M+ã¨IPAã®åˆæˆãƒ•ã‚©ãƒ³ãƒˆ
yascentur/Ricty ? GitHub
FontForgeã®ã‚¤ãƒ³ã‚¹ãƒˆãƒ¼ãƒ«
FontForgeã®ã‚¤ãƒ³ã‚¹ãƒˆãƒ¼ãƒ«ã‚’ã‚¿ãƒ¼ãƒŸãƒŠãƒ«ã§è¡Œã„ã¾ã™ã€‚
brew install fontforge
Rictyãƒ•ã‚©ãƒ³ãƒˆã®ç”Ÿæˆ
3ã¤ã®ãƒ•ã‚©ãƒ³ãƒˆãƒ•ã‚¡ã‚¤ãƒ«ã€ŒInconsolata.otfã€ã€Œmigu-1m-bold.ttfã€ã€Œmigu-1m-regular.ttfã€ã‚’ã€è§£å‡ã—ãŸã€ŒRictyãƒ•ã‚©ãƒ³ãƒˆç”Ÿæˆãƒ•ã‚¡ã‚¤ãƒ«ã€ã®ãƒ•ã‚©ãƒ«ãƒ€ã«å…¥ã‚Œã¾ã™ã€‚ç¶šã„ã¦ã€ã‚¿ãƒ¼ãƒŸãƒŠãƒ«ã‚’ä½¿ã„ã€ã‚³ãƒãƒ³ãƒ‰ã§Rictyãƒ•ã‚©ãƒ³ãƒˆã‚’ç”Ÿæˆã—ã¾ã™ã€‚
sh ricty_generator.sh Inconsolata.otf migu-1m-regular.ttf migu-1m-bold.ttf
æœ€é«˜ã«è¦‹ã‚„ã™ã„ãƒ—ãƒ­ã‚°ãƒ©ãƒŸãƒ³ã‚°ç”¨ãƒ•ã‚©ãƒ³ãƒˆRictyã®ç”Ÿæˆã¨ä½¿ã„æ–¹ - ã‚¦ã‚§ãƒ–ã‚½ã‚¯
fontforgeã®ã‚¤ãƒ³ã‚¹ãƒˆãƒ¼ãƒ«ãŒã§ããªã„
çµè«–ã‹ã‚‰è¨€ã£ã¦ã—ã¾ã†ã¨ã€ãŠåˆ†ã‹ã‚Šã‹ã¨æ€ã„ã¾ã™ãŒã€pythonã‚³ãƒãƒ³ãƒ‰ã§Python 3ãŒå‘¼ã³å‡ºã•ã‚Œã¦ã„ãŸã“ã¨ã§ã€homebrewã®fontforgeã®ã‚¤ãƒ³ã‚¹ãƒˆãƒ¼ãƒ«ã‚¹ã‚¯ãƒªãƒ—ãƒˆã®æƒ³å®šã—ã¦ã„ã‚‹Python 2ã®ã‚¹ã‚¯ãƒªãƒ—ãƒˆãŒå‹•ã‹ãªã‹ã£ãŸã‚ã‘ã§ã™ã€‚
pyenvç’°å¢ƒ
OS X Mavericks 10.9.2
$ pyenv global 3.4.0 2.7.6 
$ pyenv versions
system
* 2.7.6 (set by /Users/riocampos/.pyenv/version)
* 3.4.0 (set by /Users/riocampos/.pyenv/version)
ã¤ã¾ã‚Šã€Œpythonã€ã‚³ãƒãƒ³ãƒ‰ãŒPythonãƒãƒ¼ã‚¸ãƒ§ãƒ³3ã«ãƒªãƒ³ã‚¯ã—ã¦ã„ã‚‹ã€‚
$ python --version
Python 3.4.0
$ python2 --version
Python 2.7.6
$ python3 --version
Python 3.4.0
ã¨ã„ã†çŠ¶æ³ã§ã™ã€‚
ã‚¤ãƒ³ã‚¹ãƒˆãƒ¼ãƒ«ãƒ­ã‚°
(ãƒ­ã‚°æ¶ˆã—ã¡ã‚ƒã£ãŸã®ã§ã€ã‚‚ã†ä¸€åº¦ã‚„ã‚Šç›´ã—ã¾ã—ãŸw)
$ brew install fontforge
==> Installing fontforge dependency: python
==> Downloading https://downloads.sf.net/project/machomebrew/Bottles/python-2.7.
Already downloaded: /Library/Caches/Homebrew/python-2.7.6.mavericks.bottle.1.tar.gz
==> Pouring python-2.7.6.mavericks.bottle.1.tar.gz
(ã„ããªã‚Šã“ã“ã§Pythonã‚’ã‚¤ãƒ³ã‚¹ãƒˆãƒ¼ãƒ«ã—ã¦ãã‚‹ã“ã¨ãŒãŠã‹ã—ã„)
==> Caveats
Setuptools and Pip have been installed. To update them
pip install --upgrade setuptools
pip install --upgrade pip
You can install Python packages with
pip install <package>
They will install into the site-package directory
/usr/local/lib/python2.7/site-packages
See: https://github.com/Homebrew/homebrew/wiki/Homebrew-and-Python
.app bundles were installed.
Run `brew linkapps` to symlink these to /Applications.
Warning: Could not link python. Unlinking...
Error: The `brew link` step did not complete successfully
The formula built, but is not symlinked into /usr/local
You can try again using `brew link python'
Possible conflicting files are:
/usr/local/bin/pip2.7
/usr/local/bin/pip2
/usr/local/bin/pip
==> /usr/local/Cellar/python/2.7.6/bin/python -s setup.py --no-user-cfg install 
==> /usr/local/Cellar/python/2.7.6/bin/python -s setup.py --no-user-cfg install 
==> Summary
ğŸº  /usr/local/Cellar/python/2.7.6: 4632 files, 74M
(homebrewã§Python 2.7.6ãŒå…¥ã£ã¦ã—ã¾ã£ãŸãŒâ€¦pyenvã§å…¥ã‚ŒãŸpythonãŒã„ã‚‹ã®ã§linkå‡ºæ¥ã¦ã„ãªã„ã€‚ã¤ã¾ã‚Šã€ä»¥é™ã§å‹•ä½œã™ã‚‹pythonã®ãƒãƒ¼ã‚¸ãƒ§ãƒ³ã¯3.4.0ã€‚)
==> Installing fontforge
==> Downloading https://downloads.sourceforge.net/project/fontforge/fontforge-so
Already downloaded: /Library/Caches/Homebrew/fontforge-20120731.tar.bz2
==> Downloading https://gist.github.com/rubenfonseca/5078149/raw/98a812df4e8c50d
Already downloaded: /Library/Caches/Homebrew/fontforge--patch-baa7d60f4c6e672180e66438ee675b4ee0fda5ce
==> Patching
patching file fontforge/startui.c
Hunk #1 succeeded at 50 with fuzz 2.
==> ./configure --prefix=/usr/local/Cellar/fontforge/20120731_1 --enable-double 
==> make
3 errors generated.
make[1]: *** [python.lo] Error 1
make[1]: *** Waiting for unfinished jobs....
libtool: compile:  clang -F/Applications/Xcode.app/Contents/Developer/Platforms/MacOSX.platform/Developer/SDKs/MacOSX10.9.sdk/System/Library/Frameworks/CoreServices.framework/Frameworks -F/Applications/Xcode.app/Contents/Developer/Platforms/MacOSX.platform/Developer/SDKs/MacOSX10.9.sdk/System/Library/Frameworks/Carbon.framework/Frameworks -I/usr/local/Cellar/freetype/2.5.3_1/include/freetype2/ -I/usr/local/Cellar/freetype/2.5.3_1/include/freetype2 -I/usr/include/libxml2/ -I/Users/riocampos/.pyenv/versions/3.4.0/include/python3.4m -I../inc -I../inc -I. -I. -Wmissing-prototypes -Wunused -Wimplicit -Wreturn-type -Wparentheses -Wformat -Wchar-subscripts -DHAVE_CONFIG_H -DSHAREDIR=\"/usr/local/Cellar/fontforge/20120731_1/share/fontforge\" -DLIBDIR=\"/usr/local/Cellar/fontforge/20120731_1/lib\" -I/Users/riocampos/.pyenv/versions/3.4.0/include/python3.4m -DPREFIX=\"/usr/local/Cellar/fontforge/20120731_1\" -c savefont.c  -fno-common -DPIC -o .libs/savefont.o
make: *** [fontforge] Error 2
READ THIS: https://github.com/Homebrew/homebrew/wiki/troubleshooting
These open issues may also help:
fontforge: Update formula for 2.0 (https://github.com/Homebrew/homebrew/pull/27221)
(Python 3ãªã®ã§ã‚¨ãƒ©ãƒ¼ãŒå‡ºã¦ã—ã¾ã†ã€‚)
brew doctorç¢ºèª
å½“åˆã€æœ«å°¾ã®ãƒ¡ãƒƒã‚»ãƒ¼ã‚¸é€šã‚Šã€formulaãŒæ›´æ–°ã•ã‚ŒãŸã›ã„ã§ã‚¤ãƒ³ã‚¹ãƒˆãƒ¼ãƒ«ã§ããªã„ã®ã‹ã¨æ€ã„ã¾ã—ãŸãŒã€ã„ã‚ã„ã‚æ¢ã£ã¦ã¿ãŸã¨ã“ã‚ã€brew doctorã®ãƒ¡ãƒƒã‚»ãƒ¼ã‚¸ãŒæ°—ã«ãªã‚Šã¾ã—ãŸã€‚
$ brew doctor
Warning: python is symlinked to python3
This will confuse build scripts and in general lead to subtle breakage.
Warning: "config" scripts exist outside your system or Homebrew directories.
`./configure` scripts often look for *-config scripts to determine if
software packages are installed, and what additional flags to use when
compiling and linking.
Having additional scripts in your path can confuse software installed via
Homebrew if the config script overrides a system or Homebrew provided
script of the same name. We found the following "config" scripts:
/Users/riocampos/.pyenv/shims/python-config
/Users/riocampos/.pyenv/shims/python2-config
/Users/riocampos/.pyenv/shims/python2.7-config
/Users/riocampos/.pyenv/shims/python3-config
/Users/riocampos/.pyenv/shims/python3.4-config
/Users/riocampos/.pyenv/shims/python3.4m-config
Warning: You have unlinked kegs in your Cellar
Leaving kegs unlinked can lead to build-trouble and cause brews that depend on
those kegs to fail to run properly once built. Run `brew link` on these:
python
æœ€åˆã®Warningãƒ¡ãƒƒã‚»ãƒ¼ã‚¸ã¯ã€ä»¥å‰ã«ã‚‚ã“ã‚Œã«ã¤ã„ã¦æ›¸ã„ãŸ(pyenvã‚¤ãƒ³ã‚¹ãƒˆãƒ¼ãƒ« - åˆ¥é¤¨ å­å­å­å­å­å­(ã­ã“ã®ã“ã“ã­ã“))ã®ã§ã™ãŒã€
$ pyenv global 2.7.6 3.4.0
ã¨å…¥ã‚Œæ›¿ãˆã¦ã‚„ã‚Œã°å•é¡Œãªã—ã€ã®ã¯ãšã€‚äºŒã¤ç›®ã®Warningãƒ¡ãƒƒã‚»ãƒ¼ã‚¸ã¯pyenvä½œè€…ã€Œç„¡è¦–ã—ã¦ã€‚ã€ãªã®ã§ç„¡è¦–ã€‚æœ€å¾Œã®Warningãƒ¡ãƒƒã‚»ãƒ¼ã‚¸ã¯ã€ã•ãã»ã©ã‚‚æ›¸ã„ãŸã‚ˆã†ã«ã€è¦ã‚‰ãªã„homebrewç‰ˆPythonãŒã‚¤ãƒ³ã‚¹ãƒˆãƒ¼ãƒ«ã•ã‚Œã€ãã‚ŒãŒä½¿ãˆãªã„çŠ¶æ³ã ã‚ˆã€ã¨ã„ã†ã“ã¨ã€‚ã¨ã„ã†ã“ã¨ã§ã€æ–¹é‡ãŒæ±ºã¾ã‚Šã¾ã—ãŸã€‚
homebrewç‰ˆPythonã®uninstall
pyenvã§ãƒãƒ¼ã‚¸ãƒ§ãƒ³2ã‚’å„ªå…ˆã™ã‚‹ã‚ˆã†è¨­å®š
ã‚„ã‚Šç›´ã—ã¦ã¿ã‚‹
homebrewã§å…¥ã£ã¦ã—ã¾ã£ãŸPythonã‚’å‰Šé™¤
$ brew uninstall python
Uninstalling /usr/local/Cellar/python/2.7.6...
Python2ã‚’å„ªå…ˆ
$ pyenv global 2.7.6 3.4.0
$ python --version
Python 2.7.6
fontforgeå†ã‚¤ãƒ³ã‚¹ãƒˆãƒ¼ãƒ«
$ brew install fontforge
==> Downloading https://downloads.sourceforge.net/project/fontforge/fontforge-so
Already downloaded: /Library/Caches/Homebrew/fontforge-20120731.tar.bz2
==> Downloading https://gist.github.com/rubenfonseca/5078149/raw/98a812df4e8c50d
Already downloaded: /Library/Caches/Homebrew/fontforge--patch-baa7d60f4c6e672180e66438ee675b4ee0fda5ce
==> Patching
patching file fontforge/startui.c
Hunk #1 succeeded at 50 with fuzz 2.
==> ./configure --prefix=/usr/local/Cellar/fontforge/20120731_1 --enable-double 
==> make
==> make install
==> Caveats
If you need Python to find the installed site-packages:
mkdir -p ~/Library/Python/2.7/lib/python/site-packages
echo '/usr/local/lib/python2.7/site-packages' >> ~/Library/Python/2.7/lib/python/site-packages/homebrew.pth
==> Summary
ğŸº  /usr/local/Cellar/fontforge/20120731_1: 365 files, 14M, built in 37 seconds
ã‚¤ãƒ³ã‚¹ãƒˆãƒ¼ãƒ«ã§ãã¾ã—ãŸ^^ã€‚
Rictyç”Ÿæˆ
ricty_generator.shã¯Rictyç”Ÿæˆå°‚ç”¨ã‚¹ã‚¯ãƒªãƒ—ãƒˆãªã®ã§ã€ä¸Šè¨˜ã®ã‚ˆã†ã«å…¨ãƒ•ã‚©ãƒ³ãƒˆã‚’æŒ‡å®šã—ãªãã¦ã‚‚ã€Œautoã€ã§OKã§ã™ã€‚
$ sh ricty_generator.sh auto
Ricty Generator 3.2.2
Author: Yasunori Yusa <lastname at save dot sys.t.u-tokyo.ac.jp>
This script is for generating ``Ricty'' font from Inconsolata and Migu 1M.
It requires 2-5 minutes to generate Ricty. Owing to SIL Open Font License
Version 1.1 section 5, it is PROHIBITED to distribute the generated font.
Generate modified Inconsolata.
Find ./Inconsolata.otf.
Save Modified-Inconsolata-Regular.sfd.
While making Inconsolata bold, wait a moment...
Save Modified-Inconsolata-Bold.sfd.
Generate modified Migu 1M.
Find ./migu-1m-regular.ttf.
While scaling migu-1m-regular.ttf, wait a little...
Save Modified-migu-1m-regular.sfd.
Find ./migu-1m-bold.ttf.
While scaling migu-1m-bold.ttf, wait a little...
Save Modified-migu-1m-bold.sfd.
Generate Ricty.
While merging Modified-Inconsolata-Regular.sfd with Modified-migu-1m-regular.sfd, wait a little more...
Save Ricty-Regular.ttf.
While merging Modified-Inconsolata-Bold.sfd with Modified-migu-1m-bold.sfd, wait a little more...
Save Ricty-Bold.ttf.
Remove temporary files.
Generate RictyDiscord-Regular.ttf.
Generate RictyDiscord-Bold.ttf.
Succeeded to generate Ricty!
ã§ãã¾ã—ãŸã€‚ã‚ã¨ã¯Rictyãƒ•ã‚©ãƒ³ãƒˆã‚’ãƒ†ã‚­ãƒˆãƒ¼ã«ä½¿ã„ã¾ã—ã‚‡ã†o(^^)o
è¿½è¨˜
ã‚³ãƒ¡ãƒ³ãƒˆé ‚ã„ã¦ã„ãŸã‚ˆã†ã§ã™ã€‚ã„ã‚„ brew --with-python fontforge ã—ãªã„ã¨ / homebrewã‚’ä½¿ã†ãªã‚‰ã°pyenvã§ã¯å¿…ãšPython2ã‚’ä¸€ã¤ç›®ã«è¨­å®šã™ã‚‹ã“ã¨(ã‚‚ã—ãã¯Python3ã‚’å„ªå…ˆã—ãŸMacã§ã®Rictyä½œæˆè‹¦åŠ´è©±) - http://t.co/OZxByZn9pY&mdash; Naoya Nakazawa (@n0ts) June 5, 2014ã©ã†ã‚‚ã€homebrew pyenv + fontforge ã®çµ„ã¿åˆã‚ã›ã ã¨ fontforge ã‚’ --with-python ã§ã‚¤ãƒ³ã‚¹ãƒˆãƒ¼ãƒ«ã§ããªã„ã€ã¤ã¾ã‚Š Ricty ã‚’ã‚¤ãƒ³ã‚¹ãƒˆãƒ¼ãƒ«ã§ããªã„ã®ã§ pyenv ã¯ä½¿ç”¨ã—ãªã„ã‚ˆã†ã«ã—ãŸ&mdash; Naoya Nakazawa (@n0ts) June 5, 2014ã•ãã»ã©ã® font forge ã®ä»¶ã€pyenv ã§ system ã«åˆ‡ã‚Šæ›¿ãˆã‚‹ã¨ã€brew install --with-python fontforge ã¯å¤§ä¸ˆå¤«ã ã£ãŸãƒ»ãƒ»ãƒ»ãªã‚‹ã»ã©ãƒ»ãƒ»ãƒ»ã¯ã¾ã£ãŸãƒ»ãƒ»ãƒ»&mdash; Naoya Nakazawa (@n0ts) June 5, 2014ãƒ–ãƒ­ã‚°ã‚’æ›¸ã„ãŸ: Homebrew ã§ pyenv ã‚’ä½¿ã£ã¦ã„ã‚‹ã¨ fontforge ãŒã‚¤ãƒ³ã‚¹ãƒˆãƒ¼ãƒ«ã§ããªã„å•é¡Œ http://t.co/EeYgoEW8hV&mdash; Naoya Nakazawa (@n0ts) June 6, 2014Homebrew ã§ pyenv ã‚’ä½¿ã£ã¦ã„ã‚‹ã¨ fontforge ãŒã‚¤ãƒ³ã‚¹ãƒˆãƒ¼ãƒ«ã§ããªã„å•é¡Œ | Carpe Diem
ãƒ„ã‚¤ãƒ¼ãƒˆã™ã‚‹
Permalink | ã‚³ãƒ¡ãƒ³ãƒˆ(0) | ãƒˆãƒ©ãƒƒã‚¯ãƒãƒƒã‚¯(0)  
homebrewã‚’ä½¿ã†ãªã‚‰ã°pyenvã§ã¯å¿…ãšPython2ã‚’ä¸€ã¤ç›®ã«è¨­å®šã™ã‚‹ã“ã¨(ã‚‚ã—ãã¯Python3ã‚’å„ªå…ˆã—ãŸMacã§ã®Rictyä½œæˆè‹¦åŠ´è©±) - åˆ¥é¤¨ å­å­å­å­å­å­(ã­ã“ã®ã“ã“ã­ã“)
